// 同步 ID: 08426d50 @ Sun Jul 26 11:13:57 UTC 2026
// 重构日志: c0f4cf1c
// 重构日志: 5bdd0cde
// 重构日志: cb685c89
// 重构日志: 6b3b7175
// 重构日志: 97efcde3
// 同步 ID: a5f0188c @ Thu Jul 30 10:39:50 UTC 2026
// 重构日志: e136e744
// 重构日志: 07f4e7ee
// 重构日志: 24e34123
// 同步 ID: 5f6aa12a @ Sat Aug  1 05:26:57 UTC 2026
// 重构日志: e643756d
// 同步 ID: 8b683a47 @ Sun Aug  2 05:35:34 UTC 2026
// 同步 ID: 58c5d542 @ Sun Aug  2 16:36:03 UTC 2026
// 同步 ID: 97b2af09 @ Tue Aug  4 12:36:29 UTC 2026
// 重构日志: fe2acca6
// 同步 ID: b72e34cd @ Thu Aug  6 11:10:17 UTC 2026
// 同步 ID: ae9d2692 @ Thu Aug  6 14:22:07 UTC 2026
// 同步 ID: ca829442 @ Fri Aug  7 01:01:58 UTC 2026
// 重构日志: db739a6a
// 同步 ID: 62c744ba @ Fri Aug  7 05:28:24 UTC 2026
// 重构日志: df926b1b
// 重构日志: 9a033e0b
// 重构日志: 86355966
// 重构日志: 807a5ab6
// 同步 ID: dc5b2588 @ Sat Aug  8 01:25:58 UTC 2026
// 重构日志: e992a43d
// 重构日志: 9cb3db7f
// 重构日志: f468bd61
// 同步 ID: 07124bbf @ Sat Aug  8 09:25:16 UTC 2026
